# SAMPLES	S1	S2	S3	S4
M1	-	-	-	-
M2	-	-	-	-
F1	2	2	2	0
F1|S1	1	1	1	0
F1|S2	1	1	1	0
