# SAMPLES	S1	S2	S3	S4
M1	-	-	-	-
M2	-	-	-	-
F1	2	2	2	0
F1|S1	0	2	0	0
F1|S2	2	0	2	0
F2	3	0	0	0
F2|S1	1	0	0	0
F2|S2	1	0	0	0
F2|S3	1	0	0	0
