# Feat \ Stat	1: Prevalence (N)	2: Prevalence (frac)	3: Mean abundance	4: Mean explained (frac)	5: Alpha contrib. div.	6: Beta contrib. div.
A	3	0.75	22	0.909091	0	0
B	3	0.75	1	1	0.166667	0.666667
