# FEATURE	EFFECT_SIZE	P-VALUE	Q-VALUE	LEVEL_MEANS
F004	5.87	0.0154	0.06162	0:0; 2:1.054
F010	5.87	0.0154	0.06162	0:0; 2:0.6224
F016	5.87	0.0154	0.06162	0:0; 2:0.6191
F018	5.87	0.0154	0.06162	0:0; 2:0.8907
F020	5.87	0.0154	0.06162	0:0; 2:0.9309
F019	4.688	0.03037	0.1012	0:0.5369; 2:0.2932
F007	3.753	0.05271	0.1506	0:0.7805; 2:0.3547
