# FEATURE	EFFECT_SIZE	P-VALUE	Q-VALUE
F009	0.7455	0.01333	0.1857
F017	0.7212	0.01857	0.1857
