# SAMPLES	S1	S2
A|g__1.s__1	1	1
B|g__1.s__1	1	1
C|g__1.s__1	1	1
D|g__1.s__1	1	1
E|g__1.s__1	1	1
F|g__1.s__1	1	0
G|g__1.s__1	1	0
H|g__1.s__1	1	0
I|g__1.s__1	0	0
J|g__1.s__1	0	0
