# SAMPLES	S1	S2	S3	S4
M1	-	-	-	-
M2	-	-	-	-
UNMAPPED	5	10	15	20
UNGROUPED	4	4	4	4
UNGROUPED|S1	1.5	1.5	1.5	1.5
UNGROUPED|S2	2.5	2.5	2.5	2.5
Ga	4	2	2	0
Ga|S1	2	1	1	0
Ga|S2	2	1	1	0
Gb	2	2	2	0
Gb|S1	1	1	1	0
Gb|S2	1	1	1	0
